Archive member included because of file (symbol)

c:/siliconlabs/simplicitystudio/v4_2_3_4/developer/toolchains/gnu_arm/4.9_2015q3/bin/../lib/gcc/arm-none-eabi/4.9.3/armv6-m\libgcc.a(_udivsi3.o)
                              ./CMSIS/EFM32HG/system_efm32hg.o (__aeabi_uidiv)
c:/siliconlabs/simplicitystudio/v4_2_3_4/developer/toolchains/gnu_arm/4.9_2015q3/bin/../lib/gcc/arm-none-eabi/4.9.3/armv6-m\libgcc.a(_divsi3.o)
                              ./src/main.o (__aeabi_idiv)
c:/siliconlabs/simplicitystudio/v4_2_3_4/developer/toolchains/gnu_arm/4.9_2015q3/bin/../lib/gcc/arm-none-eabi/4.9.3/armv6-m\libgcc.a(_dvmd_tls.o)
                              c:/siliconlabs/simplicitystudio/v4_2_3_4/developer/toolchains/gnu_arm/4.9_2015q3/bin/../lib/gcc/arm-none-eabi/4.9.3/armv6-m\libgcc.a(_udivsi3.o) (__aeabi_idiv0)
c:/siliconlabs/simplicitystudio/v4_2_3_4/developer/toolchains/gnu_arm/4.9_2015q3/bin/../lib/gcc/arm-none-eabi/4.9.3/armv6-m\libgcc.a(_clzsi2.o)
                              ./emlib/em_cmu.o (__clzsi2)
c:/siliconlabs/simplicitystudio/v4_2_3_4/developer/toolchains/gnu_arm/4.9_2015q3/bin/../lib/gcc/arm-none-eabi/4.9.3/armv6-m\libgcc.a(_aeabi_uldivmod.o)
                              ./emlib/em_usart.o (__aeabi_uldivmod)
c:/siliconlabs/simplicitystudio/v4_2_3_4/developer/toolchains/gnu_arm/4.9_2015q3/bin/../lib/gcc/arm-none-eabi/4.9.3/armv6-m\libgcc.a(_muldi3.o)
                              ./emlib/em_usart.o (__aeabi_lmul)
c:/siliconlabs/simplicitystudio/v4_2_3_4/developer/toolchains/gnu_arm/4.9_2015q3/bin/../lib/gcc/arm-none-eabi/4.9.3/armv6-m\libgcc.a(bpabi.o)
                              c:/siliconlabs/simplicitystudio/v4_2_3_4/developer/toolchains/gnu_arm/4.9_2015q3/bin/../lib/gcc/arm-none-eabi/4.9.3/armv6-m\libgcc.a(_aeabi_uldivmod.o) (__gnu_uldivmod_helper)
c:/siliconlabs/simplicitystudio/v4_2_3_4/developer/toolchains/gnu_arm/4.9_2015q3/bin/../lib/gcc/arm-none-eabi/4.9.3/armv6-m\libgcc.a(fixsfsi.o)
                              ./src/main.o (__aeabi_f2iz)
c:/siliconlabs/simplicitystudio/v4_2_3_4/developer/toolchains/gnu_arm/4.9_2015q3/bin/../lib/gcc/arm-none-eabi/4.9.3/armv6-m\libgcc.a(muldf3.o)
                              ./src/main.o (__aeabi_dmul)
c:/siliconlabs/simplicitystudio/v4_2_3_4/developer/toolchains/gnu_arm/4.9_2015q3/bin/../lib/gcc/arm-none-eabi/4.9.3/armv6-m\libgcc.a(floatsidf.o)
                              ./src/main.o (__aeabi_i2d)
c:/siliconlabs/simplicitystudio/v4_2_3_4/developer/toolchains/gnu_arm/4.9_2015q3/bin/../lib/gcc/arm-none-eabi/4.9.3/armv6-m\libgcc.a(truncdfsf2.o)
                              ./src/main.o (__aeabi_d2f)
c:/siliconlabs/simplicitystudio/v4_2_3_4/developer/toolchains/gnu_arm/4.9_2015q3/bin/../lib/gcc/arm-none-eabi/4.9.3/armv6-m\libgcc.a(_divdi3.o)
                              c:/siliconlabs/simplicitystudio/v4_2_3_4/developer/toolchains/gnu_arm/4.9_2015q3/bin/../lib/gcc/arm-none-eabi/4.9.3/armv6-m\libgcc.a(bpabi.o) (__divdi3)
c:/siliconlabs/simplicitystudio/v4_2_3_4/developer/toolchains/gnu_arm/4.9_2015q3/bin/../lib/gcc/arm-none-eabi/4.9.3/armv6-m\libgcc.a(_udivdi3.o)
                              c:/siliconlabs/simplicitystudio/v4_2_3_4/developer/toolchains/gnu_arm/4.9_2015q3/bin/../lib/gcc/arm-none-eabi/4.9.3/armv6-m\libgcc.a(bpabi.o) (__udivdi3)
c:/siliconlabs/simplicitystudio/v4_2_3_4/developer/toolchains/gnu_arm/4.9_2015q3/bin/../lib/gcc/arm-none-eabi/4.9.3/armv6-m\libgcc.a(_clzdi2.o)
                              c:/siliconlabs/simplicitystudio/v4_2_3_4/developer/toolchains/gnu_arm/4.9_2015q3/bin/../lib/gcc/arm-none-eabi/4.9.3/armv6-m\libgcc.a(_divdi3.o) (__clzdi2)
c:/siliconlabs/simplicitystudio/v4_2_3_4/developer/toolchains/gnu_arm/4.9_2015q3/bin/../lib/gcc/arm-none-eabi/4.9.3/../../../../arm-none-eabi/lib/armv6-m\libc_nano.a(lib_a-exit.o)
                              c:/siliconlabs/simplicitystudio/v4_2_3_4/developer/toolchains/gnu_arm/4.9_2015q3/bin/../lib/gcc/arm-none-eabi/4.9.3/../../../../arm-none-eabi/lib/armv6-m/crt0.o (exit)
c:/siliconlabs/simplicitystudio/v4_2_3_4/developer/toolchains/gnu_arm/4.9_2015q3/bin/../lib/gcc/arm-none-eabi/4.9.3/../../../../arm-none-eabi/lib/armv6-m\libc_nano.a(lib_a-impure.o)
                              c:/siliconlabs/simplicitystudio/v4_2_3_4/developer/toolchains/gnu_arm/4.9_2015q3/bin/../lib/gcc/arm-none-eabi/4.9.3/../../../../arm-none-eabi/lib/armv6-m\libc_nano.a(lib_a-exit.o) (_global_impure_ptr)
c:/siliconlabs/simplicitystudio/v4_2_3_4/developer/toolchains/gnu_arm/4.9_2015q3/bin/../lib/gcc/arm-none-eabi/4.9.3/../../../../arm-none-eabi/lib/armv6-m\libc_nano.a(lib_a-init.o)
                              c:/siliconlabs/simplicitystudio/v4_2_3_4/developer/toolchains/gnu_arm/4.9_2015q3/bin/../lib/gcc/arm-none-eabi/4.9.3/../../../../arm-none-eabi/lib/armv6-m/crt0.o (__libc_init_array)
c:/siliconlabs/simplicitystudio/v4_2_3_4/developer/toolchains/gnu_arm/4.9_2015q3/bin/../lib/gcc/arm-none-eabi/4.9.3/../../../../arm-none-eabi/lib/armv6-m\libc_nano.a(lib_a-memcpy.o)
[...]
Memory Configuration

Name             Origin             Length             Attributes
FLASH            0x00000000         0x00010000         xr
RAM              0x20000000         0x00002000         xrw
*default*        0x00000000         0xffffffff

Linker script and memory map

LOAD c:/siliconlabs/simplicitystudio/v4_2_3_4/developer/toolchains/gnu_arm/4.9_2015q3/bin/../lib/gcc/arm-none-eabi/4.9.3/armv6-m/crti.o
LOAD c:/siliconlabs/simplicitystudio/v4_2_3_4/developer/toolchains/gnu_arm/4.9_2015q3/bin/../lib/gcc/arm-none-eabi/4.9.3/armv6-m/crtbegin.o
LOAD c:/siliconlabs/simplicitystudio/v4_2_3_4/developer/toolchains/gnu_arm/4.9_2015q3/bin/../lib/gcc/arm-none-eabi/4.9.3/../../../../arm-none-eabi/lib/armv6-m/crt0.o
LOAD ./BSP/bsp_bcc.o
LOAD ./BSP/bsp_stk.o
LOAD ./BSP/bsp_stk_leds.o
LOAD ./CMSIS/EFM32HG/startup_efm32hg.o
LOAD ./CMSIS/EFM32HG/system_efm32hg.o
LOAD ./dbprint/dbprint.o
LOAD ./emlib/em_acmp.o
LOAD ./emlib/em_adc.o
LOAD ./emlib/em_aes.o
LOAD ./emlib/em_assert.o
LOAD ./emlib/em_burtc.o
LOAD ./emlib/em_can.o
LOAD ./emlib/em_cmu.o
LOAD ./emlib/em_core.o
LOAD ./emlib/em_cryotimer.o
LOAD ./emlib/em_crypto.o
LOAD ./emlib/em_csen.o
LOAD ./emlib/em_dac.o
LOAD ./emlib/em_dbg.o
LOAD ./emlib/em_dma.o
LOAD ./emlib/em_ebi.o
LOAD ./emlib/em_emu.o
LOAD ./emlib/em_gpcrc.o
LOAD ./emlib/em_gpio.o
LOAD ./emlib/em_i2c.o
LOAD ./emlib/em_iadc.o
LOAD ./emlib/em_idac.o
LOAD ./emlib/em_int.o
LOAD ./emlib/em_lcd.o
LOAD ./emlib/em_ldma.o
LOAD ./emlib/em_lesense.o
LOAD ./emlib/em_letimer.o
LOAD ./emlib/em_leuart.o
LOAD ./emlib/em_mpu.o
LOAD ./emlib/em_msc.o
LOAD ./emlib/em_opamp.o
LOAD ./emlib/em_pcnt.o
LOAD ./emlib/em_pdm.o
LOAD ./emlib/em_prs.o
LOAD ./emlib/em_qspi.o
LOAD ./emlib/em_rmu.o
LOAD ./emlib/em_rtc.o
LOAD ./emlib/em_rtcc.o
LOAD ./emlib/em_se.o
LOAD ./emlib/em_system.o
LOAD ./emlib/em_timer.o
LOAD ./emlib/em_usart.o
LOAD ./emlib/em_vcmp.o
LOAD ./emlib/em_vdac.o
LOAD ./emlib/em_wdog.o
LOAD ./src/Con_UART.o
LOAD ./src/Ic2_Connection.o
LOAD ./src/PWM_LED.o
LOAD ./src/Proteus-II.o
LOAD ./src/dmactrl.o
LOAD ./src/dmadrv.o
LOAD ./src/i2cspm.o
LOAD ./src/main.o
START GROUP
LOAD c:/siliconlabs/simplicitystudio/v4_2_3_4/developer/toolchains/gnu_arm/4.9_2015q3/bin/../lib/gcc/arm-none-eabi/4.9.3/armv6-m\libgcc.a
LOAD c:/siliconlabs/simplicitystudio/v4_2_3_4/developer/toolchains/gnu_arm/4.9_2015q3/bin/../lib/gcc/arm-none-eabi/4.9.3/../../../../arm-none-eabi/lib/armv6-m\libc_nano.a
LOAD c:/siliconlabs/simplicitystudio/v4_2_3_4/developer/toolchains/gnu_arm/4.9_2015q3/bin/../lib/gcc/arm-none-eabi/4.9.3/../../../../arm-none-eabi/lib/armv6-m\libnosys.a
END GROUP
START GROUP
LOAD c:/siliconlabs/simplicitystudio/v4_2_3_4/developer/toolchains/gnu_arm/4.9_2015q3/bin/../lib/gcc/arm-none-eabi/4.9.3/armv6-m\libgcc.a
LOAD c:/siliconlabs/simplicitystudio/v4_2_3_4/developer/toolchains/gnu_arm/4.9_2015q3/bin/../lib/gcc/arm-none-eabi/4.9.3/../../../../arm-none-eabi/lib/armv6-m\libg_nano.a
LOAD c:/siliconlabs/simplicitystudio/v4_2_3_4/developer/toolchains/gnu_arm/4.9_2015q3/bin/../lib/gcc/arm-none-eabi/4.9.3/../../../../arm-none-eabi/lib/armv6-m\libc_nano.a
END GROUP
START GROUP
LOAD c:/siliconlabs/simplicitystudio/v4_2_3_4/developer/toolchains/gnu_arm/4.9_2015q3/bin/../lib/gcc/arm-none-eabi/4.9.3/armv6-m\libgcc.a
LOAD c:/siliconlabs/simplicitystudio/v4_2_3_4/developer/toolchains/gnu_arm/4.9_2015q3/bin/../lib/gcc/arm-none-eabi/4.9.3/../../../../arm-none-eabi/lib/armv6-m\libc_nano.a
END GROUP
LOAD c:/siliconlabs/simplicitystudio/v4_2_3_4/developer/toolchains/gnu_arm/4.9_2015q3/bin/../lib/gcc/arm-none-eabi/4.9.3/armv6-m/crtend.o
LOAD c:/siliconlabs/simplicitystudio/v4_2_3_4/developer/toolchains/gnu_arm/4.9_2015q3/bin/../lib/gcc/arm-none-eabi/4.9.3/armv6-m/crtn.o

.text           0x00000000     0x61b0
 *(.vectors)
 .vectors       0x00000000       0x94 ./CMSIS/EFM32HG/startup_efm32hg.o
                0x00000000                __Vectors
                0x00000094                __Vectors_End = .
                0x00000094                __Vectors_Size = (__Vectors_End - __Vectors)
                0x00000094                __end__ = .
 *(.text*)
 .text          0x00000094       0x60 c:/siliconlabs/simplicitystudio/v4_2_3_4/developer/toolchains/gnu_arm/4.9_2015q3/bin/../lib/gcc/arm-none-eabi/4.9.3/armv6-m/crtbegin.o
 .text          0x000000f4       0x78 c:/siliconlabs/simplicitystudio/v4_2_3_4/developer/toolchains/gnu_arm/4.9_2015q3/bin/../lib/gcc/arm-none-eabi/4.9.3/../../../../arm-none-eabi/lib/armv6-m/crt0.o
                0x000000f4                _start
                0x000000f4                _mainCRTStartup
 .text.BSP_BccInit
                0x0000016c       0x74 ./BSP/bsp_bcc.o
                0x0000016c                BSP_BccInit
 .text.BSP_BccPinsEnable
                0x000001e0       0x84 ./BSP/bsp_bcc.o
                0x000001e0                BSP_BccPinsEnable
 .text.BSP_Init
                0x00000264       0x20 ./BSP/bsp_stk.o
                0x00000264                BSP_Init
 .text          0x00000284       0x30 ./CMSIS/EFM32HG/startup_efm32hg.o
                0x00000284                Reset_Handler
                0x000002b0                I2C0_IRQHandler
                0x000002b0                HardFault_Handler
                0x000002b0                PendSV_Handler
                0x000002b0                NMI_Handler
                0x000002b0                MSC_IRQHandler
                0x000002b0                ADC0_IRQHandler
                0x000002b0                GPIO_EVEN_IRQHandler
                0x000002b0                TIMER0_IRQHandler
                0x000002b0                TIMER2_IRQHandler
                0x000002b0                TIMER1_IRQHandler
                0x000002b0                Default_Handler
                0x000002b0                PCNT0_IRQHandler
                0x000002b0                USB_IRQHandler
                0x000002b0                ACMP0_IRQHandler
                0x000002b0                SVC_Handler
                0x000002b0                CMU_IRQHandler
                0x000002b0                GPIO_ODD_IRQHandler
                0x000002b0                AES_IRQHandler
                0x000002b0                VCMP_IRQHandler
 .text.SystemCoreClockGet
                0x000002b4       0x38 ./CMSIS/EFM32HG/system_efm32hg.o
                0x000002b4                SystemCoreClockGet
 .text.SystemMaxCoreClockGet
                0x000002ec       0x10 ./CMSIS/EFM32HG/system_efm32hg.o
                0x000002ec                SystemMaxCoreClockGet
 .text.SystemHFClockGet
                0x000002fc      0x100 ./CMSIS/EFM32HG/system_efm32hg.o
                0x000002fc                SystemHFClockGet
 .text.SystemInit
                0x000003fc       0x18 ./CMSIS/EFM32HG/system_efm32hg.o
                0x000003fc                SystemInit
 .text.SystemLFRCOClockGet
                0x00000414       0x10 ./CMSIS/EFM32HG/system_efm32hg.o
                0x00000414                SystemLFRCOClockGet
 .text.SystemULFRCOClockGet
                0x00000424       0x10 ./CMSIS/EFM32HG/system_efm32hg.o
                0x00000424                SystemULFRCOClockGet
 .text.SystemLFXOClockGet
                0x00000434       0x14 ./CMSIS/EFM32HG/system_efm32hg.o
                0x00000434                SystemLFXOClockGet
 .text.__NVIC_EnableIRQ
                0x00000448       0x34 ./dbprint/dbprint.o
 .text.USART_IntClear
                0x0000047c       0x18 ./dbprint/dbprint.o
 .text.USART_IntEnable
                0x00000494       0x1c ./dbprint/dbprint.o
 .text.USART_IntGet
                0x000004b0       0x14 ./dbprint/dbprint.o
 .text.USART_IntSet
                0x000004c4       0x18 ./dbprint/dbprint.o
 .text.GPIO_PinOutSet
                0x000004dc       0xac ./dbprint/dbprint.o
 .text.dbprint_INIT
                0x00000588      0x370 ./dbprint/dbprint.o
                0x00000588                dbprint_INIT
 .text.dbprint  0x000008f8       0x40 ./dbprint/dbprint.o
                0x000008f8                dbprint
 .text.dbprintln
                0x00000938       0x34 ./dbprint/dbprint.o
                0x00000938                dbprintln
 .text.dbprint_color
                0x0000096c      0x104 ./dbprint/dbprint.o
                0x0000096c                dbprint_color
 .text.dbprintln_color
                0x00000a70       0x40 ./dbprint/dbprint.o
                0x00000a70                dbprintln_color
 .text.dbinfo   0x00000ab0       0x24 ./dbprint/dbprint.o
                0x00000ab0                dbinfo
 .text.dbwarn   0x00000ad4       0x28 ./dbprint/dbprint.o
                0x00000ad4                dbwarn
 .text.dbcrit   0x00000afc       0x28 ./dbprint/dbprint.o
                0x00000afc                dbcrit
 .text.dbprintInt
                0x00000b24       0x50 ./dbprint/dbprint.o
                0x00000b24                dbprintInt
 .text.uint32_to_charDec
                0x00000b74       0xfc ./dbprint/dbprint.o
 .text.USART0_RX_IRQHandler
                0x00000c70       0xac ./dbprint/dbprint.o
                0x00000c70                USART0_RX_IRQHandler
 .text.USART0_TX_IRQHandler
                0x00000d1c       0x74 ./dbprint/dbprint.o
                0x00000d1c                USART0_TX_IRQHandler
 .text.USART1_RX_IRQHandler
                0x00000d90        0xc ./dbprint/dbprint.o
                0x00000d90                USART1_RX_IRQHandler
 .text.USART1_TX_IRQHandler
                0x00000d9c        0xc ./dbprint/dbprint.o
                0x00000d9c                USART1_TX_IRQHandler
 .text.assertEFM
                0x00000da8        0xc ./emlib/em_assert.o
                0x00000da8                assertEFM
 .text.BUS_RegBitWrite
                0x00000db4       0x3c ./emlib/em_cmu.o
 .text.BUS_RegBitRead
                0x00000df0       0x20 ./emlib/em_cmu.o
 .text.SYSTEM_GetProdRev
                0x00000e10       0x18 ./emlib/em_cmu.o
 .text.auxClkGet
                0x00000e28       0xc0 ./emlib/em_cmu.o
 .text.dbgClkGet
                0x00000ee8       0x5c ./emlib/em_cmu.o
 .text.flashWaitStateControl
                0x00000f44       0x54 ./emlib/em_cmu.o
 .text.flashWaitStateMax
                0x00000f98       0x44 ./emlib/em_cmu.o
 .text.CMU_UpdateWaitStates
                0x00000fdc       0x48 ./emlib/em_cmu.o
                0x00000fdc                CMU_UpdateWaitStates
 .text.lfClkGet
                0x00001024      0x12c ./emlib/em_cmu.o
 .text.syncReg  0x00001150       0x2c ./emlib/em_cmu.o
 .text.usbCClkGet
                0x0000117c       0x6c ./emlib/em_cmu.o
 .text.hfperClkSafePrescaler
                0x000011e8        0x8 ./emlib/em_cmu.o
 .text.hfperClkOptimizedPrescaler
                0x000011f0        0x8 ./emlib/em_cmu.o
 .text.CMU_ClockEnable
                0x000011f8       0xc8 ./emlib/em_cmu.o
                0x000011f8                CMU_ClockEnable
 .text.CMU_ClockFreqGet
                0x000012c0      0x154 ./emlib/em_cmu.o
                0x000012c0                CMU_ClockFreqGet
 .text.CMU_ClockSelectGet
                0x00001414      0x1f0 ./emlib/em_cmu.o
                0x00001414                CMU_ClockSelectGet
 .text.CMU_ClockSelectSet
                0x00001604      0x2a4 ./emlib/em_cmu.o
                0x00001604                CMU_ClockSelectSet
 .text.CMU_OscillatorEnable
                0x000018a8       0xe4 ./emlib/em_cmu.o
                0x000018a8                CMU_OscillatorEnable
 .text.CORE_EnterCritical
                0x0000198c       0x1c ./emlib/em_core.o
                0x0000198c                CORE_EnterCritical
 .text.CORE_ExitCritical
                0x000019a8       0x18 ./emlib/em_core.o
                0x000019a8                CORE_ExitCritical
 .text.CORE_EnterAtomic
                0x000019c0       0x1c ./emlib/em_core.o
                0x000019c0                CORE_EnterAtomic
 .text.CORE_ExitAtomic
                0x000019dc       0x18 ./emlib/em_core.o
                0x000019dc                CORE_ExitAtomic
 .text.__NVIC_EnableIRQ
                0x000019f4       0x34 ./emlib/em_dma.o
 .text.__NVIC_DisableIRQ
                0x00001a28       0x3c ./emlib/em_dma.o
 .text.__NVIC_ClearPendingIRQ
                0x00001a64       0x34 ./emlib/em_dma.o
 .text.BUS_RegBitWrite
                0x00001a98       0x3c ./emlib/em_dma.o
 .text.DMA_Prepare
                0x00001ad4      0x120 ./emlib/em_dma.o
 .text.DMA_IRQHandler
                0x00001bf4       0xf0 ./emlib/em_dma.o
                0x00001bf4                DMA_IRQHandler
 .text.DMA_ActivateBasic
                0x00001ce4       0x8c ./emlib/em_dma.o
                0x00001ce4                DMA_ActivateBasic
 .text.DMA_CfgChannel
                0x00001d70       0xcc ./emlib/em_dma.o
                0x00001d70                DMA_CfgChannel
 .text.DMA_CfgDescr
                0x00001e3c       0xa4 ./emlib/em_dma.o
                0x00001e3c                DMA_CfgDescr
 .text.DMA_ChannelEnable
                0x00001ee0       0x54 ./emlib/em_dma.o
                0x00001ee0                DMA_ChannelEnable
 .text.DMA_ChannelEnabled
                0x00001f34       0x44 ./emlib/em_dma.o
                0x00001f34                DMA_ChannelEnabled
 .text.DMA_Init
                0x00001f78       0x88 ./emlib/em_dma.o
                0x00001f78                DMA_Init
 .text.DMA_Reset
                0x00002000       0x80 ./emlib/em_dma.o
                0x00002000                DMA_Reset
 .text.SystemCoreClockUpdate
                0x00002080        0xc ./emlib/em_emu.o
 .text.CMU_Lock
                0x0000208c       0x14 ./emlib/em_emu.o
 .text.CMU_Unlock
                0x000020a0       0x18 ./emlib/em_emu.o
 .text.emState  0x000020b8       0xe8 ./emlib/em_emu.o
 .text.EMU_EnterEM2
                0x000021a0       0x58 ./emlib/em_emu.o
                0x000021a0                EMU_EnterEM2
 .text.GPIO_PinOutClear
                0x000021f8       0xac ./emlib/em_gpio.o
 .text.GPIO_PinOutSet
                0x000022a4       0xac ./emlib/em_gpio.o
 .text.GPIO_PinModeSet
                0x00002350      0x1ac ./emlib/em_gpio.o
                0x00002350                GPIO_PinModeSet
 .text.I2C_IntClear
                0x000024fc       0x18 ./emlib/em_i2c.o
 .text.BUS_RegBitWrite
                0x00002514       0x3c ./emlib/em_i2c.o
 .text.BUS_RegMaskedWrite
                0x00002550       0x24 ./emlib/em_i2c.o
 .text.flushRx  0x00002574       0x20 ./emlib/em_i2c.o
 .text.I2C_BusFreqSet
                0x00002594      0x1b8 ./emlib/em_i2c.o
                0x00002594                I2C_BusFreqSet
 .text.I2C_Enable
                0x0000274c       0x44 ./emlib/em_i2c.o
                0x0000274c                I2C_Enable
 .text.I2C_Init
                0x00002790       0x80 ./emlib/em_i2c.o
                0x00002790                I2C_Init
 .text.I2C_Transfer
                0x00002810      0x440 ./emlib/em_i2c.o
                0x00002810                I2C_Transfer
 .text.I2C_TransferInit
                0x00002c50       0xf0 ./emlib/em_i2c.o
                0x00002c50                I2C_TransferInit
 .text.LEUART_Sync
                0x00002d40       0x28 ./emlib/em_leuart.o
 .text.LEUART_BaudrateSet
                0x00002d68       0xb0 ./emlib/em_leuart.o
                0x00002d68                LEUART_BaudrateSet
 .text.LEUART_FreezeEnable
                0x00002e18       0x34 ./emlib/em_leuart.o
                0x00002e18                LEUART_FreezeEnable
 .text.LEUART_Init
                0x00002e4c       0x90 ./emlib/em_leuart.o
                0x00002e4c                LEUART_Init
 .text.LEUART_Reset
                0x00002edc       0x7c ./emlib/em_leuart.o
                0x00002edc                LEUART_Reset
 .text.RTC_CompareSet
                0x00002f58       0x5c ./emlib/em_rtc.o
                0x00002f58                RTC_CompareSet
 .text.RTC_Init
                0x00002fb4       0x4c ./emlib/em_rtc.o
                0x00002fb4                RTC_Init
 .text.prsRxInput
                0x00003000       0x20 ./emlib/em_usart.o
 .text.USART_BaudrateAsyncSet
                0x00003020      0x164 ./emlib/em_usart.o
                0x00003020                USART_BaudrateAsyncSet
 .text.USART_InitAsync
                0x00003184       0xb8 ./emlib/em_usart.o
                0x00003184                USART_InitAsync
 .text.USART_Reset
                0x0000323c       0xa8 ./emlib/em_usart.o
                0x0000323c                USART_Reset
 .text.USART_Rx
                0x000032e4       0x24 ./emlib/em_usart.o
                0x000032e4                USART_Rx
 .text.USART_Tx
                0x00003308       0x28 ./emlib/em_usart.o
                0x00003308                USART_Tx
 .text.setupI2C
                0x00003330       0x54 ./src/Ic2_Connection.o
                0x00003330                setupI2C
 .text.I2C_WriteBuffer
                0x00003384       0x88 ./src/Ic2_Connection.o
                0x00003384                I2C_WriteBuffer
 .text.I2C_WriteReadBuffer
                0x0000340c       0x9c ./src/Ic2_Connection.o
                0x0000340c                I2C_WriteReadBuffer
 .text.setPortON
                0x000034a8       0x2c ./src/PWM_LED.o
                0x000034a8                setPortON
 .text.setPortOFF
                0x000034d4       0x2c ./src/PWM_LED.o
                0x000034d4                setPortOFF
 .text.PWMSteering
                0x00003500       0x84 ./src/PWM_LED.o
                0x00003500                PWMSteering
 .text.isPWMNeeded
                0x00003584       0x4c ./src/PWM_LED.o
                0x00003584                isPWMNeeded
 .text.SetPowerBLE
                0x000035d0       0x60 ./src/PWM_LED.o
                0x000035d0                SetPowerBLE
 .text.SetPowerSensors
                0x00003630       0x60 ./src/PWM_LED.o
                0x00003630                SetPowerSensors
 .text.initiateBLE
                0x00003690      0x1b8 ./src/Proteus-II.o
                0x00003690                initiateBLE
 .text.sendCommandtoDEV
                0x00003848      0x2cc ./src/Proteus-II.o
                0x00003848                sendCommandtoDEV
 .text.sendTest
                0x00003b14      0x114 ./src/Proteus-II.o
                0x00003b14                sendTest
 .text.receivedConnection
                0x00003c28       0xa0 ./src/Proteus-II.o
                0x00003c28                receivedConnection
 .text.getConnectionEstablished
                0x00003cc8       0x14 ./src/Proteus-II.o
                0x00003cc8                getConnectionEstablished
 .text.__NVIC_SetPriority
                0x00003cdc       0xd4 ./src/dmadrv.o
 .text.DMADRV_AllocateChannel
                0x00003db0       0xb8 ./src/dmadrv.o
                0x00003db0                DMADRV_AllocateChannel
 .text.DMADRV_Init
                0x00003e68       0x8c ./src/dmadrv.o
                0x00003e68                DMADRV_Init
 .text.GPIO_PinOutClear
                0x00003ef4       0xac ./src/i2cspm.o
 .text.GPIO_PinOutSet
                0x00003fa0       0xac ./src/i2cspm.o
 .text.I2CSPM_Init
                0x0000404c      0x108 ./src/i2cspm.o
                0x0000404c                I2CSPM_Init
 .text.I2CSPM_Transfer
                0x00004154       0x60 ./src/i2cspm.o
                0x00004154                I2CSPM_Transfer
 .text.__NVIC_EnableIRQ
                0x000041b4       0x34 ./src/main.o
 .text.__NVIC_ClearPendingIRQ
                0x000041e8       0x34 ./src/main.o
 .text.SYSTEM_GetProdRev
                0x0000421c       0x18 ./src/main.o
 .text.CHIP_Init
                0x00004234       0x4c ./src/main.o
 .text.EMU_EnterEM1
                0x00004280       0x1c ./src/main.o
 .text.LEUART_IntClear
                0x0000429c       0x18 ./src/main.o
 .text.LEUART_IntDisable
                0x000042b4       0x20 ./src/main.o
 .text.LEUART_IntEnable
                0x000042d4       0x1c ./src/main.o
 .text.LEUART_IntGet
                0x000042f0       0x14 ./src/main.o
 .text.RTC_IntClear
                0x00004304       0x18 ./src/main.o
 .text.RTC_IntEnable
                0x0000431c       0x20 ./src/main.o
 .text.SysTick_Handler
                0x0000433c       0x18 ./src/main.o
                0x0000433c                SysTick_Handler
 .text.RTC_setup
                0x00004354       0x4c ./src/main.o
                0x00004354                RTC_setup
 .text.RTC_IRQHandler
                0x000043a0       0xfc ./src/main.o
                0x000043a0                RTC_IRQHandler
 .text.main     0x0000449c      0x2c0 ./src/main.o
                0x0000449c                main
 .text.setTemperaturesensor
                0x0000475c       0x30 ./src/main.o
                0x0000475c                setTemperaturesensor
 .text.getTempData
                0x0000478c       0xa4 ./src/main.o
                0x0000478c                getTempData
 .text.setConversie
                0x00004830      0x190 ./src/main.o
                0x00004830                setConversie
 .text.initDMA  0x000049c0      0x104 ./src/main.o
                0x000049c0                initDMA
 .text.startListening
                0x00004ac4       0x48 ./src/main.o
                0x00004ac4                startListening
 .text.tx       0x00004b0c       0x84 ./src/main.o
                0x00004b0c                tx
 .text.LEUART0_IRQHandler
                0x00004b90      0x388 ./src/main.o
                0x00004b90                LEUART0_IRQHandler
 .text.initLEUART
                0x00004f18       0xac ./src/main.o
                0x00004f18                initLEUART
 .text          0x00004fc4      0x120 c:/siliconlabs/simplicitystudio/v4_2_3_4/developer/toolchains/gnu_arm/4.9_2015q3/bin/../lib/gcc/arm-none-eabi/4.9.3/armv6-m\libgcc.a(_udivsi3.o)
                0x00004fc4                __aeabi_uidiv
                0x00004fc4                __udivsi3
                0x000050d0                __aeabi_uidivmod
 .text          0x000050e4        0x4 c:/siliconlabs/simplicitystudio/v4_2_3_4/developer/toolchains/gnu_arm/4.9_2015q3/bin/../lib/gcc/arm-none-eabi/4.9.3/armv6-m\libgcc.a(_dvmd_tls.o)
                0x000050e4                __aeabi_idiv0
                0x000050e4                __aeabi_ldiv0
 .text          0x000050e8       0x3c c:/siliconlabs/simplicitystudio/v4_2_3_4/developer/toolchains/gnu_arm/4.9_2015q3/bin/../lib/gcc/arm-none-eabi/4.9.3/armv6-m\libgcc.a(_clzsi2.o)
                0x000050e8                __clzsi2
 .text          0x00005124       0x40 c:/siliconlabs/simplicitystudio/v4_2_3_4/developer/toolchains/gnu_arm/4.9_2015q3/bin/../lib/gcc/arm-none-eabi/4.9.3/armv6-m\libgcc.a(fixsfsi.o)
                0x00005124                __aeabi_f2iz
 .text          0x00005164      0x534 c:/siliconlabs/simplicitystudio/v4_2_3_4/developer/toolchains/gnu_arm/4.9_2015q3/bin/../lib/gcc/arm-none-eabi/4.9.3/armv6-m\libgcc.a(muldf3.o)
                0x00005164                __aeabi_dmul
 .text          0x00005698       0x78 c:/siliconlabs/simplicitystudio/v4_2_3_4/developer/toolchains/gnu_arm/4.9_2015q3/bin/../lib/gcc/arm-none-eabi/4.9.3/armv6-m\libgcc.a(floatsidf.o)
                0x00005698                __aeabi_i2d
 .text          0x00005710      0x120 c:/siliconlabs/simplicitystudio/v4_2_3_4/developer/toolchains/gnu_arm/4.9_2015q3/bin/../lib/gcc/arm-none-eabi/4.9.3/armv6-m\libgcc.a(truncdfsf2.o)
                0x00005710                __aeabi_d2f
 .text.exit     0x00005830       0x2c c:/siliconlabs/simplicitystudio/v4_2_3_4/developer/toolchains/gnu_arm/4.9_2015q3/bin/../lib/gcc/arm-none-eabi/4.9.3/../../../../arm-none-eabi/lib/armv6-m\libc_nano.a(lib_a-exit.o)
                0x00005830                exit
 .text.__libc_init_array
                0x0000585c       0x4c c:/siliconlabs/simplicitystudio/v4_2_3_4/developer/toolchains/gnu_arm/4.9_2015q3/bin/../lib/gcc/arm-none-eabi/4.9.3/../../../../arm-none-eabi/lib/armv6-m\libc_nano.a(lib_a-init.o)
                0x0000585c                __libc_init_array
 .text.memcpy   0x000058a8       0x12 c:/siliconlabs/simplicitystudio/v4_2_3_4/developer/toolchains/gnu_arm/4.9_2015q3/bin/../lib/gcc/arm-none-eabi/4.9.3/../../../../arm-none-eabi/lib/armv6-m\libc_nano.a(lib_a-memcpy.o)
                0x000058a8                memcpy
 .text.memset   0x000058ba       0x10 c:/siliconlabs/simplicitystudio/v4_2_3_4/developer/toolchains/gnu_arm/4.9_2015q3/bin/../lib/gcc/arm-none-eabi/4.9.3/../../../../arm-none-eabi/lib/armv6-m\libc_nano.a(lib_a-memset.o)
                0x000058ba                memset
 *fill*         0x000058ca        0x2 
 .text._exit    0x000058cc        0x4 c:/siliconlabs/simplicitystudio/v4_2_3_4/developer/toolchains/gnu_arm/4.9_2015q3/bin/../lib/gcc/arm-none-eabi/4.9.3/../../../../arm-none-eabi/lib/armv6-m\libnosys.a(_exit.o)
                0x000058cc                _exit
 *(.init)
 .init          0x000058d0        0x4 c:/siliconlabs/simplicitystudio/v4_2_3_4/developer/toolchains/gnu_arm/4.9_2015q3/bin/../lib/gcc/arm-none-eabi/4.9.3/armv6-m/crti.o
                0x000058d0                _init
 .init          0x000058d4        0x8 c:/siliconlabs/simplicitystudio/v4_2_3_4/developer/toolchains/gnu_arm/4.9_2015q3/bin/../lib/gcc/arm-none-eabi/4.9.3/armv6-m/crtn.o
 *(.fini)
 .fini          0x000058dc        0x4 c:/siliconlabs/simplicitystudio/v4_2_3_4/developer/toolchains/gnu_arm/4.9_2015q3/bin/../lib/gcc/arm-none-eabi/4.9.3/armv6-m/crti.o
                0x000058dc                _fini
 .fini          0x000058e0        0x8 c:/siliconlabs/simplicitystudio/v4_2_3_4/developer/toolchains/gnu_arm/4.9_2015q3/bin/../lib/gcc/arm-none-eabi/4.9.3/armv6-m/crtn.o
 .fini.__stub   0x000058e8       0x10 linker stubs
 *crtbegin.o(.ctors)
 *crtbegin?.o(.ctors)
 *(EXCLUDE_FILE(*crtend.o *crtend?.o) .ctors)
 *(SORT(.ctors.*))
 *(.ctors)
 *crtbegin.o(.dtors)
 *crtbegin?.o(.dtors)
 *(EXCLUDE_FILE(*crtend.o *crtend?.o) .dtors)
 *(SORT(.dtors.*))
 *(.dtors)
 *(.rodata*)
 .rodata        0x000058f8       0x18 ./BSP/bsp_bcc.o
 .rodata        0x00005910      0x208 ./dbprint/dbprint.o
 .rodata.dbprint_INIT
                0x00005b18       0x50 ./dbprint/dbprint.o
 .rodata.dbprint_color
                0x00005b68       0x1c ./dbprint/dbprint.o
 .rodata        0x00005b84       0xd5 ./emlib/em_cmu.o
 *fill*         0x00005c59        0x3 
 .rodata.CMU_ClockEnable
                0x00005c5c       0x2c ./emlib/em_cmu.o
 .rodata.CMU_ClockSelectGet
                0x00005c88       0x20 ./emlib/em_cmu.o
 .rodata.CMU_ClockSelectSet
                0x00005ca8       0x88 ./emlib/em_cmu.o
 .rodata.CMU_OscillatorEnable
                0x00005d30       0x18 ./emlib/em_cmu.o
 .rodata        0x00005d48       0x12 ./emlib/em_dma.o
 *fill*         0x00005d5a        0x2 
 .rodata        0x00005d5c       0xd6 ./emlib/em_gpio.o
 *fill*         0x00005e32        0x2 
 .rodata.i2cNSum
                0x00005e34        0x4 ./emlib/em_i2c.o
 .rodata        0x00005e38       0x12 ./emlib/em_i2c.o
 *fill*         0x00005e4a        0x2 
 .rodata.I2C_Transfer
                0x00005e4c       0x24 ./emlib/em_i2c.o
 .rodata        0x00005e70       0x15 ./emlib/em_leuart.o
 *fill*         0x00005e85        0x3 
 .rodata        0x00005e88       0x12 ./emlib/em_rtc.o
 *fill*         0x00005e9a        0x2 
 .rodata        0x00005e9c       0x14 ./emlib/em_usart.o
 .rodata        0x00005eb0      0x210 ./src/Proteus-II.o
 .rodata        0x000060c0       0x7c ./src/i2cspm.o
 .rodata        0x0000613c       0x26 ./src/main.o
 *fill*         0x00006162        0x2 
 .rodata        0x00006164       0x40 c:/siliconlabs/simplicitystudio/v4_2_3_4/developer/toolchains/gnu_arm/4.9_2015q3/bin/../lib/gcc/arm-none-eabi/4.9.3/armv6-m\libgcc.a(muldf3.o)
 .rodata.str1.1
                0x000061a4        0x2 c:/siliconlabs/simplicitystudio/v4_2_3_4/developer/toolchains/gnu_arm/4.9_2015q3/bin/../lib/gcc/arm-none-eabi/4.9.3/../../../../arm-none-eabi/lib/armv6-m\libc_nano.a(lib_a-impure.o)
 *fill*         0x000061a6        0x2 
 .rodata._global_impure_ptr
                0x000061a8        0x4 c:/siliconlabs/simplicitystudio/v4_2_3_4/developer/toolchains/gnu_arm/4.9_2015q3/bin/../lib/gcc/arm-none-eabi/4.9.3/../../../../arm-none-eabi/lib/armv6-m\libc_nano.a(lib_a-impure.o)
                0x000061a8                _global_impure_ptr
 *(.eh_frame*)
 .eh_frame      0x000061ac        0x0 c:/siliconlabs/simplicitystudio/v4_2_3_4/developer/toolchains/gnu_arm/4.9_2015q3/bin/../lib/gcc/arm-none-eabi/4.9.3/armv6-m/crtbegin.o
 .eh_frame      0x000061ac        0x4 c:/siliconlabs/simplicitystudio/v4_2_3_4/developer/toolchains/gnu_arm/4.9_2015q3/bin/../lib/gcc/arm-none-eabi/4.9.3/armv6-m/crtend.o

.glue_7         0x000061b0        0x0
 .glue_7        0x00000000        0x0 linker stubs

.glue_7t        0x000061b0        0x0
 .glue_7t       0x00000000        0x0 linker stubs

.vfp11_veneer   0x000061b0        0x0
 .vfp11_veneer  0x00000000        0x0 linker stubs

.v4_bx          0x000061b0        0x0
 .v4_bx         0x00000000        0x0 linker stubs

.iplt           0x000061b0        0x0
 .iplt          0x00000000        0x0 c:/siliconlabs/simplicitystudio/v4_2_3_4/developer/toolchains/gnu_arm/4.9_2015q3/bin/../lib/gcc/arm-none-eabi/4.9.3/armv6-m/crtbegin.o

.ARM.extab
 *(.ARM.extab* .gnu.linkonce.armextab.*)
                0x000061b0                __exidx_start = .

.ARM.exidx      0x000061b0        0x8
 *(.ARM.exidx* .gnu.linkonce.armexidx.*)
 .ARM.exidx     0x000061b0        0x8 c:/siliconlabs/simplicitystudio/v4_2_3_4/developer/toolchains/gnu_arm/4.9_2015q3/bin/../lib/gcc/arm-none-eabi/4.9.3/../../../../arm-none-eabi/lib/armv6-m/crt0.o
                0x000061b8                __exidx_end = .
                0x000061b8                __etext = .

.rel.dyn        0x000061b8        0x0
 .rel.iplt      0x00000000        0x0 c:/siliconlabs/simplicitystudio/v4_2_3_4/developer/toolchains/gnu_arm/4.9_2015q3/bin/../lib/gcc/arm-none-eabi/4.9.3/armv6-m/crtbegin.o

.data           0x20000000       0xd0 load address 0x000061b8
                0x20000000                __data_start__ = .
 *(vtable)
 *(.data*)
 .data.SystemHFXOClock
                0x20000000        0x4 ./CMSIS/EFM32HG/system_efm32hg.o
 .data.SystemLFXOClock
                0x20000004        0x4 ./CMSIS/EFM32HG/system_efm32hg.o
 .data.SystemCoreClock
                0x20000008        0x4 ./CMSIS/EFM32HG/system_efm32hg.o
                0x20000008                SystemCoreClock
 .data.ushfrcoFreq
                0x2000000c        0x4 ./emlib/em_cmu.o
 .data.i2cInit  0x20000010       0x18 ./src/Ic2_Connection.o
                0x20000010                i2cInit
 .data.LengthPayload1
                0x20000028        0x2 ./src/Proteus-II.o
                0x20000028                LengthPayload1
 *fill*         0x2000002a        0x2 
 .data.LengthPayload2
                0x2000002c        0x2 ./src/Proteus-II.o
                0x2000002c                LengthPayload2
 *fill*         0x2000002e        0x2 
 .data.LengthPayload3
                0x20000030        0x2 ./src/Proteus-II.o
                0x20000030                LengthPayload3
 *fill*         0x20000032        0x2 
 .data.LengthPayload14
                0x20000034        0x2 ./src/Proteus-II.o
                0x20000034                LengthPayload14
 .data.StartConnection
                0x20000036        0x1 ./src/main.o
                0x20000036                StartConnection
 .data.getTemp  0x20000037        0x1 ./src/main.o
                0x20000037                getTemp
 .data.rxBufferSize
                0x20000038        0x4 ./src/main.o
                0x20000038                rxBufferSize
 .data.bit12    0x2000003c        0x1 ./src/main.o
                0x2000003c                bit12
 .data.counterCH0
                0x2000003d        0x1 ./src/main.o
                0x2000003d                counterCH0
 .data.counterCH1
                0x2000003e        0x1 ./src/main.o
                0x2000003e                counterCH1
 .data.gain     0x2000003f        0x1 ./src/main.o
                0x2000003f                gain
 .data.setCH    0x20000040        0x1 ./src/main.o
                0x20000040                setCH
 *fill*         0x20000041        0x3 
 .data.leuart0Init
                0x20000044       0x10 ./src/main.o
                0x20000044                leuart0Init
 .data.impure_data
                0x20000054       0x60 c:/siliconlabs/simplicitystudio/v4_2_3_4/developer/toolchains/gnu_arm/4.9_2015q3/bin/../lib/gcc/arm-none-eabi/4.9.3/../../../../arm-none-eabi/lib/armv6-m\libc_nano.a(lib_a-impure.o)
                0x200000b4                . = ALIGN (0x4)
 *(.ram)
 .ram           0x200000b4       0x10 ./emlib/em_emu.o
                0x200000c4                . = ALIGN (0x4)
                0x200000c4                PROVIDE (__preinit_array_start, .)
 *(.preinit_array)
                0x200000c4                PROVIDE (__preinit_array_end, .)
                0x200000c4                . = ALIGN (0x4)
                0x200000c4                PROVIDE (__init_array_start, .)
 *(SORT(.init_array.*))
 *(.init_array)
 .init_array    0x200000c4        0x4 c:/siliconlabs/simplicitystudio/v4_2_3_4/developer/toolchains/gnu_arm/4.9_2015q3/bin/../lib/gcc/arm-none-eabi/4.9.3/armv6-m/crtbegin.o
                0x200000c8                PROVIDE (__init_array_end, .)
                0x200000c8                . = ALIGN (0x4)
                0x200000c8                PROVIDE (__fini_array_start, .)
 *(SORT(.fini_array.*))
 *(.fini_array)
 .fini_array    0x200000c8        0x4 c:/siliconlabs/simplicitystudio/v4_2_3_4/developer/toolchains/gnu_arm/4.9_2015q3/bin/../lib/gcc/arm-none-eabi/4.9.3/armv6-m/crtbegin.o
                0x200000cc                PROVIDE (__fini_array_end, .)
 *(.jcr*)
 .jcr           0x200000cc        0x0 c:/siliconlabs/simplicitystudio/v4_2_3_4/developer/toolchains/gnu_arm/4.9_2015q3/bin/../lib/gcc/arm-none-eabi/4.9.3/armv6-m/crtbegin.o
 .jcr           0x200000cc        0x4 c:/siliconlabs/simplicitystudio/v4_2_3_4/developer/toolchains/gnu_arm/4.9_2015q3/bin/../lib/gcc/arm-none-eabi/4.9.3/armv6-m/crtend.o
                0x200000d0                . = ALIGN (0x4)
                0x200000d0                __data_end__ = .

.igot.plt       0x200000d0        0x0 load address 0x00006288
 .igot.plt      0x00000000        0x0 c:/siliconlabs/simplicitystudio/v4_2_3_4/developer/toolchains/gnu_arm/4.9_2015q3/bin/../lib/gcc/arm-none-eabi/4.9.3/armv6-m/crtbegin.o

.bss            0x20000100      0x780 load address 0x00006300
                0x20000100                . = ALIGN (0x4)
                0x20000100                __bss_start__ = .
 *(.bss*)
 .bss           0x20000100       0x1c c:/siliconlabs/simplicitystudio/v4_2_3_4/developer/toolchains/gnu_arm/4.9_2015q3/bin/../lib/gcc/arm-none-eabi/4.9.3/armv6-m/crtbegin.o
 .bss.rxByteCount
                0x2000011c        0x4 ./BSP/bsp_bcc.o
 .bss.txByteCount
                0x20000120        0x4 ./BSP/bsp_bcc.o
 .bss.dataReceived
                0x20000124        0x1 ./dbprint/dbprint.o
                0x20000124                dataReceived
 *fill*         0x20000125        0x3 
 .bss.i.8321    0x20000128        0x4 ./dbprint/dbprint.o
 .bss.i.8326    0x2000012c        0x4 ./dbprint/dbprint.o
 .bss.cmuStatus.8053
                0x20000130        0x4 ./emlib/em_emu.o
 .bss.hfClock.8054
                0x20000134        0x1 ./emlib/em_emu.o
 *fill*         0x20000135        0x3 
 .bss.i2cTransfer
                0x20000138        0xc ./emlib/em_i2c.o
 .bss.counterPWM
                0x20000144        0x1 ./src/PWM_LED.o
                0x20000144                counterPWM
 .bss.ConnectionEstablished
                0x20000145        0x1 ./src/Proteus-II.o
                0x20000145                ConnectionEstablished
 .bss.initialized
                0x20000146        0x1 ./src/dmadrv.o
 *fill*         0x20000147        0x1 
 .bss.chTable   0x20000148       0x78 ./src/dmadrv.o
 .bss.counterI2C
                0x200001c0        0x4 ./src/main.o
                0x200001c0                counterI2C
 .bss.PWM_Enabled
                0x200001c4        0x1 ./src/main.o
                0x200001c4                PWM_Enabled
 .bss.dataChannelOpen
                0x200001c5        0x1 ./src/main.o
                0x200001c5                dataChannelOpen
 *fill*         0x200001c6        0x2 
 .bss.LEUARTDmaRxChannel
                0x200001c8        0x4 ./src/main.o
 .bss.LEUARTDmaTxChannel
                0x200001cc        0x4 ./src/main.o
 .bss.LEUARTDmaRxCfgDescr
                0x200001d0        0x5 ./src/main.o
 *fill*         0x200001d5        0x3 
 .bss.LEUARTDmaTxCfgDescr
                0x200001d8        0x5 ./src/main.o
 *fill*         0x200001dd        0x3 
 .bss.LEUARTDmaRxCfgChannel
                0x200001e0        0xc ./src/main.o
 .bss.LEUARTDmaTxCfgChannel
                0x200001ec        0xc ./src/main.o
 .bss.i2cError  0x200001f8        0x1 ./src/main.o
 .bss.oneShotConversion
                0x200001f9        0x1 ./src/main.o
                0x200001f9                oneShotConversion
 .bss.bit14     0x200001fa        0x1 ./src/main.o
                0x200001fa                bit14
 .bss.channel   0x200001fb        0x1 ./src/main.o
                0x200001fb                channel
 .bss.Configuration
                0x200001fc        0x1 ./src/main.o
                0x200001fc                Configuration
 .bss.mode      0x200001fd        0x1 ./src/main.o
 *(COMMON)
 *fill*         0x200001fe        0x2 
 COMMON         0x20000200       0x54 ./dbprint/dbprint.o
                0x20000200                dbpointer
                0x20000204                rx_buffer
 COMMON         0x20000254      0x208 ./src/Proteus-II.o
                0x20000254                rxbuf
                0x2000034c                parameter
                0x2000035c                tx_buffer
                0x20000454                leuartif
                0x20000458                len
 *fill*         0x2000045c       0xa4 
 COMMON         0x20000500      0x100 ./src/dmactrl.o
                0x20000500                dmaControlBlock
 COMMON         0x20000600      0x280 ./src/main.o
                0x20000600                txData
                0x20000604                cb
                0x20000610                receivedMessage1
                0x20000650                MCUstate
                0x20000654                bufferCH0
                0x20000748                bufferCH1
                0x2000083c                rxBuffer
                0x2000087c                msTicks
                0x20000880                . = ALIGN (0x4)
                0x20000880                __bss_end__ = .

.heap           0x20000880      0x400
                0x20000880                __HeapBase = .
                0x20000880                __end__ = .
                0x20000880                end = __end__
                0x20000880                _end = __end__
 *(.heap*)
 .heap          0x20000880      0x400 ./CMSIS/EFM32HG/startup_efm32hg.o
                0x20000c80                __HeapLimit = .

.stack_dummy    0x20000880      0x400
 *(.stack*)
 .stack         0x20000880      0x400 ./CMSIS/EFM32HG/startup_efm32hg.o
                0x20002000                __StackTop = (ORIGIN (RAM) + 0x2000)
                0x20001c00                __StackLimit = (__StackTop - SIZEOF (.stack_dummy))
                0x20002000                PROVIDE (__stack, __StackTop)
                0x00000001                ASSERT ((__StackLimit >= __HeapLimit), region RAM overflowed with stack)
                0x00000001                ASSERT ((0x10000 >= (__etext + SIZEOF (.data))), FLASH memory overflowed !)
OUTPUT(SLSTK3400A_blink_3.axf elf32-littlearm)

.ARM.attributes
                0x00000000       0x28
 .ARM.attributes
                0x00000000       0x1e c:/siliconlabs/simplicitystudio/v4_2_3_4/developer/toolchains/gnu_arm/4.9_2015q3/bin/../lib/gcc/arm-none-eabi/4.9.3/armv6-m/crti.o
 .ARM.attributes
                0x0000001e       0x2c c:/siliconlabs/simplicitystudio/v4_2_3_4/developer/toolchains/gnu_arm/4.9_2015q3/bin/../lib/gcc/arm-none-eabi/4.9.3/armv6-m/crtbegin.o
 .ARM.attributes
                0x0000004a       0x1b c:/siliconlabs/simplicitystudio/v4_2_3_4/developer/toolchains/gnu_arm/4.9_2015q3/bin/../lib/gcc/arm-none-eabi/4.9.3/../../../../arm-none-eabi/lib/armv6-m/crt0.o
 .ARM.attributes
                0x00000065       0x32 ./BSP/bsp_bcc.o
 .ARM.attributes
                0x00000097       0x32 ./BSP/bsp_stk.o
 .ARM.attributes
                0x000000c9       0x1b ./CMSIS/EFM32HG/startup_efm32hg.o
 .ARM.attributes
                0x000000e4       0x32 ./CMSIS/EFM32HG/system_efm32hg.o
 .ARM.attributes
                0x00000116       0x32 ./dbprint/dbprint.o
 .ARM.attributes
                0x00000148       0x32 ./emlib/em_assert.o
 .ARM.attributes
                0x0000017a       0x32 ./emlib/em_cmu.o
 .ARM.attributes
                0x000001ac       0x32 ./emlib/em_core.o
 .ARM.attributes
                0x000001de       0x32 ./emlib/em_dma.o
 .ARM.attributes
                0x00000210       0x32 ./emlib/em_emu.o
 .ARM.attributes
                0x00000242       0x32 ./emlib/em_gpio.o
 .ARM.attributes
                0x00000274       0x32 ./emlib/em_i2c.o
 .ARM.attributes
                0x000002a6       0x32 ./emlib/em_leuart.o
 .ARM.attributes
                0x000002d8       0x32 ./emlib/em_rtc.o
 .ARM.attributes
                0x0000030a       0x32 ./emlib/em_usart.o
 .ARM.attributes
                0x0000033c       0x32 ./src/Ic2_Connection.o
 .ARM.attributes
                0x0000036e       0x32 ./src/PWM_LED.o
 .ARM.attributes
                0x000003a0       0x32 ./src/Proteus-II.o
 .ARM.attributes
                0x000003d2       0x32 ./src/dmactrl.o
 .ARM.attributes
                0x00000404       0x32 ./src/dmadrv.o
 .ARM.attributes
                0x00000436       0x32 ./src/i2cspm.o
 .ARM.attributes
                0x00000468       0x32 ./src/main.o
 .ARM.attributes
                0x0000049a       0x1e c:/siliconlabs/simplicitystudio/v4_2_3_4/developer/toolchains/gnu_arm/4.9_2015q3/bin/../lib/gcc/arm-none-eabi/4.9.3/armv6-m\libgcc.a(_udivsi3.o)
 .ARM.attributes
                0x000004b8       0x1e c:/siliconlabs/simplicitystudio/v4_2_3_4/developer/toolchains/gnu_arm/4.9_2015q3/bin/../lib/gcc/arm-none-eabi/4.9.3/armv6-m\libgcc.a(_dvmd_tls.o)
 .ARM.attributes
                0x000004d6       0x1e c:/siliconlabs/simplicitystudio/v4_2_3_4/developer/toolchains/gnu_arm/4.9_2015q3/bin/../lib/gcc/arm-none-eabi/4.9.3/armv6-m\libgcc.a(_clzsi2.o)
 .ARM.attributes
                0x000004f4       0x2c c:/siliconlabs/simplicitystudio/v4_2_3_4/developer/toolchains/gnu_arm/4.9_2015q3/bin/../lib/gcc/arm-none-eabi/4.9.3/armv6-m\libgcc.a(fixsfsi.o)
 .ARM.attributes
                0x00000520       0x2c c:/siliconlabs/simplicitystudio/v4_2_3_4/developer/toolchains/gnu_arm/4.9_2015q3/bin/../lib/gcc/arm-none-eabi/4.9.3/armv6-m\libgcc.a(muldf3.o)
 .ARM.attributes
                0x0000054c       0x2c c:/siliconlabs/simplicitystudio/v4_2_3_4/developer/toolchains/gnu_arm/4.9_2015q3/bin/../lib/gcc/arm-none-eabi/4.9.3/armv6-m\libgcc.a(floatsidf.o)
 .ARM.attributes
                0x00000578       0x2c c:/siliconlabs/simplicitystudio/v4_2_3_4/developer/toolchains/gnu_arm/4.9_2015q3/bin/../lib/gcc/arm-none-eabi/4.9.3/armv6-m\libgcc.a(truncdfsf2.o)
 .ARM.attributes
                0x000005a4       0x2c c:/siliconlabs/simplicitystudio/v4_2_3_4/developer/toolchains/gnu_arm/4.9_2015q3/bin/../lib/gcc/arm-none-eabi/4.9.3/../../../../arm-none-eabi/lib/armv6-m\libc_nano.a(lib_a-exit.o)
 .ARM.attributes
                0x000005d0       0x2c c:/siliconlabs/simplicitystudio/v4_2_3_4/developer/toolchains/gnu_arm/4.9_2015q3/bin/../lib/gcc/arm-none-eabi/4.9.3/../../../../arm-none-eabi/lib/armv6-m\libc_nano.a(lib_a-impure.o)
 .ARM.attributes
                0x000005fc       0x2c c:/siliconlabs/simplicitystudio/v4_2_3_4/developer/toolchains/gnu_arm/4.9_2015q3/bin/../lib/gcc/arm-none-eabi/4.9.3/../../../../arm-none-eabi/lib/armv6-m\libc_nano.a(lib_a-init.o)
 .ARM.attributes
                0x00000628       0x2c c:/siliconlabs/simplicitystudio/v4_2_3_4/developer/toolchains/gnu_arm/4.9_2015q3/bin/../lib/gcc/arm-none-eabi/4.9.3/../../../../arm-none-eabi/lib/armv6-m\libc_nano.a(lib_a-memcpy.o)
 .ARM.attributes
                0x00000654       0x2c c:/siliconlabs/simplicitystudio/v4_2_3_4/developer/toolchains/gnu_arm/4.9_2015q3/bin/../lib/gcc/arm-none-eabi/4.9.3/../../../../arm-none-eabi/lib/armv6-m\libc_nano.a(lib_a-memset.o)
 .ARM.attributes
                0x00000680       0x2c c:/siliconlabs/simplicitystudio/v4_2_3_4/developer/toolchains/gnu_arm/4.9_2015q3/bin/../lib/gcc/arm-none-eabi/4.9.3/../../../../arm-none-eabi/lib/armv6-m\libnosys.a(_exit.o)
 .ARM.attributes
                0x000006ac       0x2c c:/siliconlabs/simplicitystudio/v4_2_3_4/developer/toolchains/gnu_arm/4.9_2015q3/bin/../lib/gcc/arm-none-eabi/4.9.3/armv6-m/crtend.o
 .ARM.attributes
                0x000006d8       0x1e c:/siliconlabs/simplicitystudio/v4_2_3_4/developer/toolchains/gnu_arm/4.9_2015q3/bin/../lib/gcc/arm-none-eabi/4.9.3/armv6-m/crtn.o

.comment        0x00000000       0x70
 .comment       0x00000000       0x70 ./BSP/bsp_bcc.o
                                 0x71 (size before relaxing)
 .comment       0x00000000       0x71 ./BSP/bsp_stk.o
 .comment       0x00000000       0x71 ./CMSIS/EFM32HG/system_efm32hg.o
 .comment       0x00000000       0x71 ./dbprint/dbprint.o
 .comment       0x00000000       0x71 ./emlib/em_assert.o
 .comment       0x00000000       0x71 ./emlib/em_cmu.o
 .comment       0x00000000       0x71 ./emlib/em_core.o
 .comment       0x00000000       0x71 ./emlib/em_dma.o
 .comment       0x00000000       0x71 ./emlib/em_emu.o
 .comment       0x00000000       0x71 ./emlib/em_gpio.o
 .comment       0x00000000       0x71 ./emlib/em_i2c.o
 .comment       0x00000000       0x71 ./emlib/em_leuart.o
 .comment       0x00000000       0x71 ./emlib/em_rtc.o
 .comment       0x00000000       0x71 ./emlib/em_usart.o
 .comment       0x00000000       0x71 ./src/Ic2_Connection.o
 .comment       0x00000000       0x71 ./src/PWM_LED.o
 .comment       0x00000000       0x71 ./src/Proteus-II.o
 .comment       0x00000000       0x71 ./src/dmactrl.o
 .comment       0x00000000       0x71 ./src/dmadrv.o
 .comment       0x00000000       0x71 ./src/i2cspm.o
 .comment       0x00000000       0x71 ./src/main.o

.debug_info     0x00000000     0xc661
 .debug_info    0x00000000      0x791 ./BSP/bsp_bcc.o
 .debug_info    0x00000791      0x35c ./BSP/bsp_stk.o
 .debug_info    0x00000aed      0x110 ./CMSIS/EFM32HG/startup_efm32hg.o
 .debug_info    0x00000bfd      0x540 ./CMSIS/EFM32HG/system_efm32hg.o
 .debug_info    0x0000113d     0x12f9 ./dbprint/dbprint.o
 .debug_info    0x00002436       0x7a ./emlib/em_assert.o
 .debug_info    0x000024b0     0x12eb ./emlib/em_cmu.o
 .debug_info    0x0000379b      0xb13 ./emlib/em_core.o
 .debug_info    0x000042ae     0x106c ./emlib/em_dma.o
 .debug_info    0x0000531a      0x8a9 ./emlib/em_emu.o
 .debug_info    0x00005bc3      0x678 ./emlib/em_gpio.o
 .debug_info    0x0000623b      0x88e ./emlib/em_i2c.o
 .debug_info    0x00006ac9      0x7e0 ./emlib/em_leuart.o
 .debug_info    0x000072a9      0x33a ./emlib/em_rtc.o
 .debug_info    0x000075e3      0xe3b ./emlib/em_usart.o
 .debug_info    0x0000841e      0x563 ./src/Ic2_Connection.o
 .debug_info    0x00008981      0x353 ./src/PWM_LED.o
 .debug_info    0x00008cd4      0x431 ./src/Proteus-II.o
 .debug_info    0x00009105      0x120 ./src/dmactrl.o
 .debug_info    0x00009225     0x139b ./src/dmadrv.o
 .debug_info    0x0000a5c0      0x844 ./src/i2cspm.o
 .debug_info    0x0000ae04     0x185d ./src/main.o

.debug_abbrev   0x00000000     0x24ed
 .debug_abbrev  0x00000000      0x1b8 ./BSP/bsp_bcc.o
 .debug_abbrev  0x000001b8      0x158 ./BSP/bsp_stk.o
 .debug_abbrev  0x00000310       0x14 ./CMSIS/EFM32HG/startup_efm32hg.o
 .debug_abbrev  0x00000324      0x18e ./CMSIS/EFM32HG/system_efm32hg.o
 .debug_abbrev  0x000004b2      0x282 ./dbprint/dbprint.o
 .debug_abbrev  0x00000734       0x66 ./emlib/em_assert.o
 .debug_abbrev  0x0000079a      0x280 ./emlib/em_cmu.o
 .debug_abbrev  0x00000a1a      0x22f ./emlib/em_core.o
 .debug_abbrev  0x00000c49      0x25b ./emlib/em_dma.o
 .debug_abbrev  0x00000ea4      0x1e7 ./emlib/em_emu.o
 .debug_abbrev  0x0000108b      0x1d3 ./emlib/em_gpio.o
 .debug_abbrev  0x0000125e      0x1fb ./emlib/em_i2c.o
 .debug_abbrev  0x00001459      0x1d0 ./emlib/em_leuart.o
 .debug_abbrev  0x00001629      0x170 ./emlib/em_rtc.o
 .debug_abbrev  0x00001799      0x1c0 ./emlib/em_usart.o
 .debug_abbrev  0x00001959      0x175 ./src/Ic2_Connection.o
 .debug_abbrev  0x00001ace       0xe6 ./src/PWM_LED.o
 .debug_abbrev  0x00001bb4      0x105 ./src/Proteus-II.o
 .debug_abbrev  0x00001cb9       0x8a ./src/dmactrl.o
 .debug_abbrev  0x00001d43      0x288 ./src/dmadrv.o
 .debug_abbrev  0x00001fcb      0x1a0 ./src/i2cspm.o
 .debug_abbrev  0x0000216b      0x382 ./src/main.o

.debug_loc      0x00000000     0x3fdf
 .debug_loc     0x00000000      0x17c ./BSP/bsp_bcc.o
 .debug_loc     0x0000017c      0x194 ./BSP/bsp_stk.o
 .debug_loc     0x00000310      0x1e8 ./CMSIS/EFM32HG/system_efm32hg.o
 .debug_loc     0x000004f8      0x808 ./dbprint/dbprint.o
 .debug_loc     0x00000d00       0x38 ./emlib/em_assert.o
 .debug_loc     0x00000d38      0x928 ./emlib/em_cmu.o
 .debug_loc     0x00001660      0x574 ./emlib/em_core.o
 .debug_loc     0x00001bd4      0x428 ./emlib/em_dma.o
 .debug_loc     0x00001ffc      0x314 ./emlib/em_emu.o
 .debug_loc     0x00002310      0x2a0 ./emlib/em_gpio.o
 .debug_loc     0x000025b0      0x268 ./emlib/em_i2c.o
 .debug_loc     0x00002818      0x310 ./emlib/em_leuart.o
 .debug_loc     0x00002b28      0x1a8 ./emlib/em_rtc.o
 .debug_loc     0x00002cd0      0x50a ./emlib/em_usart.o
 .debug_loc     0x000031da      0x100 ./src/Ic2_Connection.o
 .debug_loc     0x000032da      0x120 ./src/PWM_LED.o
 .debug_loc     0x000033fa      0x110 ./src/Proteus-II.o
 .debug_loc     0x0000350a      0x465 ./src/dmadrv.o
 .debug_loc     0x0000396f       0xe0 ./src/i2cspm.o
 .debug_loc     0x00003a4f      0x590 ./src/main.o

.debug_aranges  0x00000000      0xba0
 .debug_aranges
                0x00000000       0x50 ./BSP/bsp_bcc.o
 .debug_aranges
                0x00000050       0x58 ./BSP/bsp_stk.o
 .debug_aranges
                0x000000a8       0x20 ./CMSIS/EFM32HG/startup_efm32hg.o
 .debug_aranges
                0x000000c8       0x68 ./CMSIS/EFM32HG/system_efm32hg.o
 .debug_aranges
                0x00000130      0x148 ./dbprint/dbprint.o
 .debug_aranges
                0x00000278       0x20 ./emlib/em_assert.o
 .debug_aranges
                0x00000298      0x178 ./emlib/em_cmu.o
 .debug_aranges
                0x00000410       0xe8 ./emlib/em_core.o
 .debug_aranges
                0x000004f8       0xb0 ./emlib/em_dma.o
 .debug_aranges
                0x000005a8       0x98 ./emlib/em_emu.o
 .debug_aranges
                0x00000640       0x78 ./emlib/em_gpio.o
 .debug_aranges
                0x000006b8       0x70 ./emlib/em_i2c.o
 .debug_aranges
                0x00000728       0x88 ./emlib/em_leuart.o
 .debug_aranges
                0x000007b0       0x58 ./emlib/em_rtc.o
 .debug_aranges
                0x00000808       0xd0 ./emlib/em_usart.o
 .debug_aranges
                0x000008d8       0x40 ./src/Ic2_Connection.o
 .debug_aranges
                0x00000918       0x48 ./src/PWM_LED.o
 .debug_aranges
                0x00000960       0x40 ./src/Proteus-II.o
 .debug_aranges
                0x000009a0       0x18 ./src/dmactrl.o
 .debug_aranges
                0x000009b8       0xb8 ./src/dmadrv.o
 .debug_aranges
                0x00000a70       0x38 ./src/i2cspm.o
 .debug_aranges
                0x00000aa8       0xf8 ./src/main.o

.debug_ranges   0x00000000      0xa28
 .debug_ranges  0x00000000       0x40 ./BSP/bsp_bcc.o
 .debug_ranges  0x00000040       0x48 ./BSP/bsp_stk.o
 .debug_ranges  0x00000088       0x58 ./CMSIS/EFM32HG/system_efm32hg.o
 .debug_ranges  0x000000e0      0x138 ./dbprint/dbprint.o
 .debug_ranges  0x00000218       0x10 ./emlib/em_assert.o
 .debug_ranges  0x00000228      0x168 ./emlib/em_cmu.o
 .debug_ranges  0x00000390       0xd8 ./emlib/em_core.o
 .debug_ranges  0x00000468       0xa0 ./emlib/em_dma.o
 .debug_ranges  0x00000508       0x88 ./emlib/em_emu.o
 .debug_ranges  0x00000590       0x68 ./emlib/em_gpio.o
 .debug_ranges  0x000005f8       0x60 ./emlib/em_i2c.o
 .debug_ranges  0x00000658       0x78 ./emlib/em_leuart.o
 .debug_ranges  0x000006d0       0x48 ./emlib/em_rtc.o
 .debug_ranges  0x00000718       0xc0 ./emlib/em_usart.o
 .debug_ranges  0x000007d8       0x30 ./src/Ic2_Connection.o
 .debug_ranges  0x00000808       0x38 ./src/PWM_LED.o
 .debug_ranges  0x00000840       0x30 ./src/Proteus-II.o
 .debug_ranges  0x00000870       0xa8 ./src/dmadrv.o
 .debug_ranges  0x00000918       0x28 ./src/i2cspm.o
 .debug_ranges  0x00000940       0xe8 ./src/main.o

.debug_macro    0x00000000    0x188e7
 .debug_macro   0x00000000      0x335 ./BSP/bsp_bcc.o
 .debug_macro   0x00000335      0x82c ./BSP/bsp_bcc.o
 .debug_macro   0x00000b61       0x58 ./BSP/bsp_bcc.o
 .debug_macro   0x00000bb9       0x22 ./BSP/bsp_bcc.o
 .debug_macro   0x00000bdb       0x35 ./BSP/bsp_bcc.o
 .debug_macro   0x00000c10       0x9c ./BSP/bsp_bcc.o
 .debug_macro   0x00000cac      0x166 ./BSP/bsp_bcc.o
 .debug_macro   0x00000e12       0x4a ./BSP/bsp_bcc.o
 .debug_macro   0x00000e5c       0x52 ./BSP/bsp_bcc.o
 .debug_macro   0x00000eae       0x16 ./BSP/bsp_bcc.o
 .debug_macro   0x00000ec4       0x43 ./BSP/bsp_bcc.o
 .debug_macro   0x00000f07      0x180 ./BSP/bsp_bcc.o
 .debug_macro   0x00001087      0x29d ./BSP/bsp_bcc.o
 .debug_macro   0x00001324       0x10 ./BSP/bsp_bcc.o
 .debug_macro   0x00001334       0x35 ./BSP/bsp_bcc.o
 .debug_macro   0x00001369      0x318 ./BSP/bsp_bcc.o
 .debug_macro   0x00001681       0x12 ./BSP/bsp_bcc.o
 .debug_macro   0x00001693       0xe3 ./BSP/bsp_bcc.o
 .debug_macro   0x00001776       0x22 ./BSP/bsp_bcc.o
 .debug_macro   0x00001798      0x1df ./BSP/bsp_bcc.o
 .debug_macro   0x00001977       0x1c ./BSP/bsp_bcc.o
 .debug_macro   0x00001993       0x22 ./BSP/bsp_bcc.o
 .debug_macro   0x000019b5       0xaf ./BSP/bsp_bcc.o
 .debug_macro   0x00001a64       0x12 ./BSP/bsp_bcc.o
 .debug_macro   0x00001a76       0xde ./BSP/bsp_bcc.o
 .debug_macro   0x00001b54       0xe4 ./BSP/bsp_bcc.o
 .debug_macro   0x00001c38      0x37c ./BSP/bsp_bcc.o
 .debug_macro   0x00001fb4      0x2b1 ./BSP/bsp_bcc.o
 .debug_macro   0x00002265     0x14a6 ./BSP/bsp_bcc.o
 .debug_macro   0x0000370b     0x2af9 ./BSP/bsp_bcc.o
 .debug_macro   0x00006204      0x82e ./BSP/bsp_bcc.o
 .debug_macro   0x00006a32       0xfa ./BSP/bsp_bcc.o
 .debug_macro   0x00006b2c      0x1b4 ./BSP/bsp_bcc.o
 .debug_macro   0x00006ce0     0x1c9a ./BSP/bsp_bcc.o
 .debug_macro   0x0000897a     0x16af ./BSP/bsp_bcc.o
 .debug_macro   0x0000a029      0x6cb ./BSP/bsp_bcc.o
 .debug_macro   0x0000a6f4     0x1bdb ./BSP/bsp_bcc.o
 .debug_macro   0x0000c2cf      0x7a0 ./BSP/bsp_bcc.o
 .debug_macro   0x0000ca6f      0x22a ./BSP/bsp_bcc.o
 .debug_macro   0x0000cc99     0x1c0a ./BSP/bsp_bcc.o
 .debug_macro   0x0000e8a3      0x33e ./BSP/bsp_bcc.o
 .debug_macro   0x0000ebe1      0xf1d ./BSP/bsp_bcc.o
 .debug_macro   0x0000fafe      0xf9b ./BSP/bsp_bcc.o
 .debug_macro   0x00010a99      0xa5c ./BSP/bsp_bcc.o
 .debug_macro   0x000114f5     0x106b ./BSP/bsp_bcc.o
 .debug_macro   0x00012560      0x380 ./BSP/bsp_bcc.o
 .debug_macro   0x000128e0      0x1ca ./BSP/bsp_bcc.o
 .debug_macro   0x00012aaa      0x166 ./BSP/bsp_bcc.o
 .debug_macro   0x00012c10      0x257 ./BSP/bsp_bcc.o
 .debug_macro   0x00012e67       0x40 ./BSP/bsp_bcc.o
 .debug_macro   0x00012ea7      0x18c ./BSP/bsp_bcc.o
 .debug_macro   0x00013033      0x11e ./BSP/bsp_bcc.o
 .debug_macro   0x00013151       0xc4 ./BSP/bsp_bcc.o
 .debug_macro   0x00013215      0x253 ./BSP/bsp_bcc.o
 .debug_macro   0x00013468       0x27 ./BSP/bsp_bcc.o
 .debug_macro   0x0001348f      0x100 ./BSP/bsp_bcc.o
 .debug_macro   0x0001358f      0x100 ./BSP/bsp_bcc.o
 .debug_macro   0x0001368f       0x22 ./BSP/bsp_bcc.o
 .debug_macro   0x000136b1       0x10 ./BSP/bsp_bcc.o
 .debug_macro   0x000136c1       0xbf ./BSP/bsp_bcc.o
 .debug_macro   0x00013780      0x322 ./BSP/bsp_bcc.o
 .debug_macro   0x00013aa2       0xac ./BSP/bsp_bcc.o
 .debug_macro   0x00013b4e       0x76 ./BSP/bsp_bcc.o
 .debug_macro   0x00013bc4       0xf1 ./BSP/bsp_bcc.o
 .debug_macro   0x00013cb5       0x3a ./BSP/bsp_bcc.o
 .debug_macro   0x00013cef      0x335 ./BSP/bsp_stk.o
 .debug_macro   0x00014024      0x2ee ./CMSIS/EFM32HG/system_efm32hg.o
 .debug_macro   0x00014312      0x366 ./dbprint/dbprint.o
 .debug_macro   0x00014678       0x10 ./dbprint/dbprint.o
 .debug_macro   0x00014688       0xeb ./dbprint/dbprint.o
 .debug_macro   0x00014773       0x23 ./emlib/em_assert.o
 .debug_macro   0x00014796      0x379 ./emlib/em_cmu.o
 .debug_macro   0x00014b0f       0x2b ./emlib/em_cmu.o
 .debug_macro   0x00014b3a       0xee ./emlib/em_cmu.o
 .debug_macro   0x00014c28       0x11 ./emlib/em_cmu.o
 .debug_macro   0x00014c39      0x31c ./emlib/em_core.o
 .debug_macro   0x00014f55       0x63 ./emlib/em_core.o
 .debug_macro   0x00014fb8       0xba ./emlib/em_core.o
 .debug_macro   0x00015072      0x366 ./emlib/em_dma.o
 .debug_macro   0x000153d8       0x1c ./emlib/em_dma.o
 .debug_macro   0x000153f4       0x10 ./emlib/em_dma.o
 .debug_macro   0x00015404       0x10 ./emlib/em_dma.o
 .debug_macro   0x00015414       0x22 ./emlib/em_dma.o
 .debug_macro   0x00015436       0xbe ./emlib/em_dma.o
 .debug_macro   0x000154f4       0x16 ./emlib/em_dma.o
 .debug_macro   0x0001550a      0x166 ./emlib/em_dma.o
 .debug_macro   0x00015670      0x3a3 ./emlib/em_emu.o
 .debug_macro   0x00015a13       0x25 ./emlib/em_emu.o
 .debug_macro   0x00015a38       0x34 ./emlib/em_emu.o
 .debug_macro   0x00015a6c      0x307 ./emlib/em_gpio.o
 .debug_macro   0x00015d73      0x360 ./emlib/em_i2c.o
 .debug_macro   0x000160d3       0x3f ./emlib/em_i2c.o
 .debug_macro   0x00016112      0x31e ./emlib/em_leuart.o
 .debug_macro   0x00016430      0x301 ./emlib/em_rtc.o
 .debug_macro   0x00016731       0x10 ./emlib/em_rtc.o
 .debug_macro   0x00016741      0x342 ./emlib/em_usart.o
 .debug_macro   0x00016a83      0x419 ./src/Ic2_Connection.o
 .debug_macro   0x00016e9c       0x45 ./src/Ic2_Connection.o
 .debug_macro   0x00016ee1       0x16 ./src/Ic2_Connection.o
 .debug_macro   0x00016ef7      0x3d2 ./src/PWM_LED.o
 .debug_macro   0x000172c9       0x7f ./src/PWM_LED.o
 .debug_macro   0x00017348      0x49b ./src/Proteus-II.o
 .debug_macro   0x000177e3       0x16 ./src/Proteus-II.o
 .debug_macro   0x000177f9       0x97 ./src/Proteus-II.o
 .debug_macro   0x00017890       0xef ./src/Proteus-II.o
 .debug_macro   0x0001797f       0x16 ./src/Proteus-II.o
 .debug_macro   0x00017995       0x10 ./src/Proteus-II.o
 .debug_macro   0x000179a5      0x2fe ./src/dmactrl.o
 .debug_macro   0x00017ca3      0x3aa ./src/dmadrv.o
 .debug_macro   0x0001804d       0x4c ./src/dmadrv.o
 .debug_macro   0x00018099       0x10 ./src/dmadrv.o
 .debug_macro   0x000180a9       0x1c ./src/dmadrv.o
 .debug_macro   0x000180c5       0x3a ./src/dmadrv.o
 .debug_macro   0x000180ff      0x32c ./src/i2cspm.o
 .debug_macro   0x0001842b      0x496 ./src/main.o
 .debug_macro   0x000188c1       0x16 ./src/main.o
 .debug_macro   0x000188d7       0x10 ./src/main.o

.debug_line     0x00000000     0xd976
 .debug_line    0x00000000      0x98a ./BSP/bsp_bcc.o
 .debug_line    0x0000098a      0x957 ./BSP/bsp_stk.o
 .debug_line    0x000012e1       0xdb ./CMSIS/EFM32HG/startup_efm32hg.o
 .debug_line    0x000013bc      0x844 ./CMSIS/EFM32HG/system_efm32hg.o
 .debug_line    0x00001c00      0xdb8 ./dbprint/dbprint.o
 .debug_line    0x000029b8      0x192 ./emlib/em_assert.o
 .debug_line    0x00002b4a     0x1020 ./emlib/em_cmu.o
 .debug_line    0x00003b6a      0xb4f ./emlib/em_core.o
 .debug_line    0x000046b9      0xb20 ./emlib/em_dma.o
 .debug_line    0x000051d9      0xaa4 ./emlib/em_emu.o
 .debug_line    0x00005c7d      0xaa2 ./emlib/em_gpio.o
 .debug_line    0x0000671f      0xa8b ./emlib/em_i2c.o
 .debug_line    0x000071aa      0x946 ./emlib/em_leuart.o
 .debug_line    0x00007af0      0x867 ./emlib/em_rtc.o
 .debug_line    0x00008357      0xb69 ./emlib/em_usart.o
 .debug_line    0x00008ec0      0xa4a ./src/Ic2_Connection.o
 .debug_line    0x0000990a      0x91d ./src/PWM_LED.o
 .debug_line    0x0000a227      0x9b0 ./src/Proteus-II.o
 .debug_line    0x0000abd7      0x7e6 ./src/dmactrl.o
 .debug_line    0x0000b3bd      0xc88 ./src/dmadrv.o
 .debug_line    0x0000c045      0x9bc ./src/i2cspm.o
 .debug_line    0x0000ca01      0xf75 ./src/main.o

.debug_str      0x00000000    0x7debd
 .debug_str     0x00000000    0x77710 ./BSP/bsp_bcc.o
                              0x779c3 (size before relaxing)
 .debug_str     0x00077710      0x107 ./BSP/bsp_stk.o
                              0x77564 (size before relaxing)
 .debug_str     0x00077817      0x37f ./CMSIS/EFM32HG/system_efm32hg.o
                              0x758ee (size before relaxing)
 .debug_str     0x00077b96      0x667 ./dbprint/dbprint.o
                              0x77a38 (size before relaxing)
 .debug_str     0x000781fd       0x7b ./emlib/em_assert.o
                               0x245d (size before relaxing)
 .debug_str     0x00078278      0xea7 ./emlib/em_cmu.o
                              0x779e0 (size before relaxing)
 .debug_str     0x0007911f      0x9da ./emlib/em_core.o
                              0x7643f (size before relaxing)
 .debug_str     0x00079af9      0xff5 ./emlib/em_dma.o
                              0x77be3 (size before relaxing)
 .debug_str     0x0007aaee      0x3d8 ./emlib/em_emu.o
                              0x77b64 (size before relaxing)
 .debug_str     0x0007aec6      0x25a ./emlib/em_gpio.o
                              0x761b8 (size before relaxing)
 .debug_str     0x0007b120      0x4eb ./emlib/em_i2c.o
                              0x77273 (size before relaxing)
 .debug_str     0x0007b60b      0x2f9 ./emlib/em_leuart.o
                              0x76d8b (size before relaxing)
 .debug_str     0x0007b904      0x132 ./emlib/em_rtc.o
                              0x757d4 (size before relaxing)
 .debug_str     0x0007ba36      0x583 ./emlib/em_usart.o
                              0x777a2 (size before relaxing)
 .debug_str     0x0007bfb9      0x2a6 ./src/Ic2_Connection.o
                              0x782e2 (size before relaxing)
 .debug_str     0x0007c25f      0x4b7 ./src/PWM_LED.o
                              0x77aed (size before relaxing)
 .debug_str     0x0007c716      0x468 ./src/Proteus-II.o
                              0x77cf7 (size before relaxing)
 .debug_str     0x0007cb7e       0x48 ./src/dmactrl.o
                              0x758cb (size before relaxing)
 .debug_str     0x0007cbc6      0xdac ./src/dmadrv.o
                              0x78fa1 (size before relaxing)
 .debug_str     0x0007d972       0x35 ./src/i2cspm.o
                              0x77089 (size before relaxing)
 .debug_str     0x0007d9a7      0x516 ./src/main.o
                              0x79ae8 (size before relaxing)

.debug_frame    0x00000000     0x2810
 .debug_frame   0x00000000       0xec ./BSP/bsp_bcc.o
 .debug_frame   0x000000ec      0x100 ./BSP/bsp_stk.o
 .debug_frame   0x000001ec      0x138 ./CMSIS/EFM32HG/system_efm32hg.o
 .debug_frame   0x00000324      0x4b8 ./dbprint/dbprint.o
 .debug_frame   0x000007dc       0x30 ./emlib/em_assert.o
 .debug_frame   0x0000080c      0x568 ./emlib/em_cmu.o
 .debug_frame   0x00000d74      0x33c ./emlib/em_core.o
 .debug_frame   0x000010b0      0x270 ./emlib/em_dma.o
 .debug_frame   0x00001320      0x1ec ./emlib/em_emu.o
 .debug_frame   0x0000150c      0x194 ./emlib/em_gpio.o
 .debug_frame   0x000016a0      0x170 ./emlib/em_i2c.o
 .debug_frame   0x00001810      0x1d0 ./emlib/em_leuart.o
 .debug_frame   0x000019e0      0x108 ./emlib/em_rtc.o
 .debug_frame   0x00001ae8      0x2f4 ./emlib/em_usart.o
 .debug_frame   0x00001ddc       0xa8 ./src/Ic2_Connection.o
 .debug_frame   0x00001e84       0xc4 ./src/PWM_LED.o
 .debug_frame   0x00001f48       0xb0 ./src/Proteus-II.o
 .debug_frame   0x00001ff8      0x298 ./src/dmadrv.o
 .debug_frame   0x00002290       0x90 ./src/i2cspm.o
 .debug_frame   0x00002320      0x360 ./src/main.o
 .debug_frame   0x00002680       0x20 c:/siliconlabs/simplicitystudio/v4_2_3_4/developer/toolchains/gnu_arm/4.9_2015q3/bin/../lib/gcc/arm-none-eabi/4.9.3/armv6-m\libgcc.a(_udivsi3.o)
 .debug_frame   0x000026a0       0x20 c:/siliconlabs/simplicitystudio/v4_2_3_4/developer/toolchains/gnu_arm/4.9_2015q3/bin/../lib/gcc/arm-none-eabi/4.9.3/armv6-m\libgcc.a(fixsfsi.o)
 .debug_frame   0x000026c0       0x3c c:/siliconlabs/simplicitystudio/v4_2_3_4/developer/toolchains/gnu_arm/4.9_2015q3/bin/../lib/gcc/arm-none-eabi/4.9.3/armv6-m\libgcc.a(muldf3.o)
 .debug_frame   0x000026fc       0x2c c:/siliconlabs/simplicitystudio/v4_2_3_4/developer/toolchains/gnu_arm/4.9_2015q3/bin/../lib/gcc/arm-none-eabi/4.9.3/armv6-m\libgcc.a(floatsidf.o)
 .debug_frame   0x00002728       0x2c c:/siliconlabs/simplicitystudio/v4_2_3_4/developer/toolchains/gnu_arm/4.9_2015q3/bin/../lib/gcc/arm-none-eabi/4.9.3/armv6-m\libgcc.a(truncdfsf2.o)
 .debug_frame   0x00002754       0x28 c:/siliconlabs/simplicitystudio/v4_2_3_4/developer/toolchains/gnu_arm/4.9_2015q3/bin/../lib/gcc/arm-none-eabi/4.9.3/../../../../arm-none-eabi/lib/armv6-m\libc_nano.a(lib_a-exit.o)
 .debug_frame   0x0000277c       0x2c c:/siliconlabs/simplicitystudio/v4_2_3_4/developer/toolchains/gnu_arm/4.9_2015q3/bin/../lib/gcc/arm-none-eabi/4.9.3/../../../../arm-none-eabi/lib/armv6-m\libc_nano.a(lib_a-init.o)
 .debug_frame   0x000027a8       0x28 c:/siliconlabs/simplicitystudio/v4_2_3_4/developer/toolchains/gnu_arm/4.9_2015q3/bin/../lib/gcc/arm-none-eabi/4.9.3/../../../../arm-none-eabi/lib/armv6-m\libc_nano.a(lib_a-memcpy.o)
 .debug_frame   0x000027d0       0x20 c:/siliconlabs/simplicitystudio/v4_2_3_4/developer/toolchains/gnu_arm/4.9_2015q3/bin/../lib/gcc/arm-none-eabi/4.9.3/../../../../arm-none-eabi/lib/armv6-m\libc_nano.a(lib_a-memset.o)
 .debug_frame   0x000027f0       0x20 c:/siliconlabs/simplicitystudio/v4_2_3_4/developer/toolchains/gnu_arm/4.9_2015q3/bin/../lib/gcc/arm-none-eabi/4.9.3/../../../../arm-none-eabi/lib/armv6-m\libnosys.a(_exit.o)
